
> nile-com-website@0.1.0 build
> next build

node.exe : [baseline-browser-mapping] The data in this 
module is over two months old.  To ensure accurate Baseline 
data, please update: `npm i baseline-browser-mapping@latest 
-D`
At line:1 char:1
+ & "C:\Program Files\nodejs/node.exe" 
"C:\Users\Ziad.Mahmoud\AppData\R ...
+ ~~~~~~~~~~~~~~~~~~~~~~~~~~~~~~~~~~~~~~~~~~~~~~~~~~~~~~~~~~
~~~~~~~~~~~
    + CategoryInfo          : NotSpecified: ([baseline-brow 
   s...ping@latest -D`:String) [], RemoteException
    + FullyQualifiedErrorId : NativeCommandError
 
   Γû▓ Next.js 16.0.7 (Turbopack)
   - Environments: .env.local

   Creating an optimized production build ...
[baseline-browser-mapping] The data in this module is over 
two months old.  To ensure accurate Baseline data, please 
update: `npm i baseline-browser-mapping@latest -D`
Browserslist: browsers data (caniuse-lite) is 7 months old. 
Please run:
  npx update-browserslist-db@latest
  Why you should do it regularly: 
https://github.com/browserslist/update-db#readme
 Γ£ô Compiled successfully in 11.9s
   Running TypeScript ...
Failed to compile.

.next/dev/types/routes.d.ts:86:3
Type error: Declaration or statement expected.

[0m [90m 84 |[39m }
 [90m 85 |[39m params[33m:[39m [33mPromise[39m[33m<[
39m[33mParamMap[39m[[33mAppRouteHandlerRoute[39m][33m>
[39m
[31m[1m>[22m[39m[90m 86 |[39m   }
 [90m    |[39m   [31m[1m^[22m[39m
 [90m 87 |[39m }
 [90m 88 |[39m ace [33mRouteContext[39m[33m<[39m[33mA
ppRouteHandlerRoute[39m [36mextends[39m 
[33mAppRouteHandlerRoutes[39m[33m>[39m {
 [90m 89 |[39m     params[33m:[39m [33mPromise[39m[33
m<[39m[33mParamMap[39m[[33mAppRouteHandlerRoute[39m][3
3m>[39m[0m
Next.js build worker exited with code: 1 and signal: null
